<?xml version="1.0" encoding="utf-8"?><testsuites name="pytest tests"><testsuite name="pytest" errors="0" failures="0" skipped="0" tests="6" time="0.542" timestamp="2026-05-04T09:33:41.471724+05:30" hostname="Het_Shah"><testcase classname="tests.test_database.TestDatabase" name="test_db_connection" time="0.028" /><testcase classname="tests.test_database.TestDatabase" name="test_products_table_exists" time="0.011" /><testcase classname="tests.test_database.TestDatabase" name="test_orders_table_exists" time="0.009" /><testcase classname="tests.test_database.TestDatabase" name="test_insert_and_retrieve_product" time="0.018" /><testcase classname="tests.test_database.TestDatabase" name="test_insert_order" time="0.016" /><testcase classname="tests.test_database.TestDatabase" name="test_stock_update" time="0.021" /></testsuite></testsuites>